[www.websancreative.com/mk-project/index.html]
[backblue.gif]
[fade.gif]
[index.html]
[www.websancreative.com/mk-project/img/logo.png]
[maxcdn.bootstrapcdn.com/font-awesome/4.7.0/css/font-awesome.min.css]
[www.websancreative.com/mk-project/css/featherlight.min.3.delayed]
[www.websancreative.com/mk-project/css/featherlight.gallery.min.css]
[cdnjs.cloudflare.com/ajax/libs/OwlCarousel2/2.2.0/assets/owl.carousel.min.css]
[cdnjs.cloudflare.com/ajax/libs/OwlCarousel2/2.2.0/assets/owl.theme.default.min.css]
[www.websancreative.com/mk-project/index-2.html]
[www.websancreative.com/mk-project/img/1.png]
[www.websancreative.com/mk-project/img/admissionlogo.png]
[www.websancreative.com/mk-project/img/1.jpg]
[www.websancreative.com/mk-project/img/2.jpg]
[www.websancreative.com/mk-project/img/3.jpg]
[www.websancreative.com/mk-project/img/4.jpg]
[www.websancreative.com/mk-project/img/fb-favicon.png]
[www.websancreative.com/mk-project/img/tw-favicon.jpg]
[www.websancreative.com/mk-project/img/yt-favicon.png]
[ajax.googleapis.com/ajax/libs/jquery/3.3.1/jquery.min.js]
[www.websancreative.com/mk-project/js/featherlight.min.15.delayed]
[www.websancreative.com/mk-project/js/featherlight.gallery.min.js]
[www.websancreative.com/mk-project/js/wow.min.js]
[maxcdn.bootstrapcdn.com/bootstrap/3.3.7/js/bootstrap.min.js]
[www.websancreative.com/mk-project/js/owl.carousel.min.js]
[www.websancreative.com/mk-project/js/jquery.galpop.js]
[www.websancreative.com/mk-project/index.html]
[maxcdn.bootstrapcdn.com/font-awesome/4.7.0/css/font-awesome.min.css]
[www.websancreative.com/mk-project/css/featherlight.min.html]
[www.websancreative.com/mk-project/css/featherlight.gallery.min.html]
[cdnjs.cloudflare.com/ajax/libs/OwlCarousel2/2.2.0/assets/owl.video.play.png]
[cdnjs.cloudflare.com/ajax/libs/OwlCarousel2/2.2.0/assets/owl.carousel.min.css]
[cdnjs.cloudflare.com/ajax/libs/OwlCarousel2/2.2.0/assets/owl.theme.default.min.css]
[www.websancreative.com/mk-project/images/ajax-loader.gif]
[www.websancreative.com/mk-project/images/btn-close.png]
[www.websancreative.com/mk-project/images/btn-prev.png]
[www.websancreative.com/mk-project/images/btn-next.png]
[www.websancreative.com/mk-project/css/jquery.galpop.css]
[www.websancreative.com/mk-project/img/schoolBG.png]
[www.websancreative.com/mk-project/img/monogram.png]
[www.websancreative.com/mk-project/fonts/GILC.ttf]
[www.websancreative.com/mk-project/img/schoolBG2.png]
[www.websancreative.com/mk-project/css/style.css]
[www.websancreative.com/mk-project/index-2.html]
[www.websancreative.com/mk-project/js/featherlight.min.html]
[www.websancreative.com/mk-project/js/featherlight.gallery.min.html]
[maxcdn.bootstrapcdn.com/bootstrap/3.3.7/css/bootstrap.min.css]
[www.websancreative.com/mk-project/images/ajax-loader.html]
[www.websancreative.com/mk-project/images/btn-close.html]
[www.websancreative.com/mk-project/images/btn-prev.html]
[www.websancreative.com/mk-project/images/btn-next.html]
[maxcdn.bootstrapcdn.com/bootstrap/3.3.7/css/bootstrap.min.css]
